npm verbose cli C:\Program Files\nodejs\node.exe C:\Program Files\nodejs\node_modules\npm\bin\npm-cli.js
npm info using npm@11.6.2
npm info using node@v24.13.0
npm verbose title npm install
npm verbose argv "install" "--loglevel" "verbose"
npm verbose logfile logs-max:10 dir:C:\Users\Admin\AppData\Local\npm-cache\_logs\2026-02-04T05_36_07_291Z-
npm verbose logfile C:\Users\Admin\AppData\Local\npm-cache\_logs\2026-02-04T05_36_07_291Z-debug-0.log
npm verbose stack Error: ENOTEMPTY: directory not empty, rename '\\wsl.localhost\Ubuntu\home\dmin\PinescriptProject\node_modules\next' -> '\\wsl.localhost\Ubuntu\home\dmin\PinescriptProject\node_modules\.next-hDskFEsa'
npm verbose stack     at async Object.rename (node:internal/fs/promises:782:10)
npm verbose stack     at async moveFile (C:\Program Files\nodejs\node_modules\npm\node_modules\@npmcli\fs\lib\move-file.js:30:5)
npm verbose stack     at async Promise.allSettled (index 0)
npm verbose stack     at async [reifyPackages] (C:\Program Files\nodejs\node_modules\npm\node_modules\@npmcli\arborist\lib\arborist\reify.js:313:11)
npm verbose stack     at async Arborist.reify (C:\Program Files\nodejs\node_modules\npm\node_modules\@npmcli\arborist\lib\arborist\reify.js:125:5)
npm verbose stack     at async Install.exec (C:\Program Files\nodejs\node_modules\npm\lib\commands\install.js:150:5)
npm verbose stack     at async Npm.exec (C:\Program Files\nodejs\node_modules\npm\lib\npm.js:208:9)
npm verbose stack     at async module.exports (C:\Program Files\nodejs\node_modules\npm\lib\cli\entry.js:67:5)
npm error code ENOTEMPTY
npm error syscall rename
npm error path \\wsl.localhost\Ubuntu\home\dmin\PinescriptProject\node_modules\next
npm error dest \\wsl.localhost\Ubuntu\home\dmin\PinescriptProject\node_modules\.next-hDskFEsa
npm error errno -4051
npm error ENOTEMPTY: directory not empty, rename '\\wsl.localhost\Ubuntu\home\dmin\PinescriptProject\node_modules\next' -> '\\wsl.localhost\Ubuntu\home\dmin\PinescriptProject\node_modules\.next-hDskFEsa'
npm verbose cwd \\wsl.localhost\Ubuntu\home\dmin\PinescriptProject
npm verbose os Windows_NT 10.0.26100
npm verbose node v24.13.0
npm verbose npm  v11.6.2
npm verbose exit -4051
npm verbose code -4051
npm error A complete log of this run can be found in: C:\Users\Admin\AppData\Local\npm-cache\_logs\2026-02-04T05_36_07_291Z-debug-0.log
